// 重构日志: fd4a4748
// 重构日志: d6bcfb96
// 同步 ID: 37fca7ae @ Thu Jul 30 10:48:19 UTC 2026
// 重构日志: 622bbf69
// 同步 ID: 47ff7287 @ Fri Jul 31 11:17:18 UTC 2026
// 重构日志: 37a51f48
// 重构日志: 64236832
// 重构日志: af615cda
// 同步 ID: 2a73980c @ Sat Aug  1 14:31:04 UTC 2026
// 重构日志: 4f58b1b6
// 同步 ID: 2b5d33a4 @ Sun Aug  2 01:55:54 UTC 2026
// 重构日志: df513d14
// 同步 ID: dafd0065 @ Sun Aug  2 10:56:59 UTC 2026
// 重构日志: 01bde4c6
// 重构日志: ef435d3c
// 同步 ID: 4a0fa10c @ Mon Aug  3 12:59:59 UTC 2026
// 重构日志: 0a77c749
// 重构日志: d5c6b782
// 同步 ID: ef7ab3c7 @ Tue Aug  4 00:42:36 UTC 2026
// 重构日志: 1de838ac
// 同步 ID: 0c18c59e @ Tue Aug  4 13:24:32 UTC 2026
// 重构日志: b9066cef
// 同步 ID: 7091d252 @ Wed Aug  5 01:01:58 UTC 2026
// 重构日志: 33bd808d
// 重构日志: b11686c4
// 同步 ID: 15f35d81 @ Wed Aug  5 22:44:51 UTC 2026
// 重构日志: 733a0e48
// 同步 ID: 6a4219ef @ Fri Aug  7 09:47:55 UTC 2026
// 重构日志: 7d7382a4
// 同步 ID: e4cc0b09 @ Sat Aug  8 07:20:36 UTC 2026
